[     382ms] [INFO] %cDownload the React DevTools for a better development experience: https://react.dev/link/react-devtools font-weight:bold @ http://localhost:3000/_next/static/chunks/node_modules_next_dist_1e8vcs8._.js:776
[     420ms] [LOG] [HMR] connected @ http://localhost:3000/_next/static/chunks/node_modules_next_dist_1e8vcs8._.js:776
[     525ms] [ERROR] %o

%s PrismaClientValidationError: 
Invalid `__TURBOPACK__imported__module__$5b$project$5d2f$src$2f$lib$2f$db$2f$index$2e$ts__$5b$app$2d$rsc$5d$__$28$ecmascript$29$__["prisma"].movie.findUnique()` invocation in
D:\dev\MovieSeriesTracker\.next\dev\server\chunks\ssr\[root-of-the-server]__0speiax._.js:1851:166

  1848 let record = null;
  1849 switch(entity){
  1850     case 'movie':
→ 1851         record = await __TURBOPACK__imported__module__$5b$project$5d2f$src$2f$lib$2f$db$2f$index$2e$ts__$5b$app$2d$rsc$5d$__$28$ecmascript$29$__["prisma"].movie.findUnique({
                 where: {
                   tmdbId: 550
                 },
                 select: {
                   id: true,
                   lastFetchedAt: true,
                   ~~~~~~~~~~~~~
               ?   tmdbId?: true,
               ?   adult?: true,
               ?   backdropPath?: true,
               ?   budget?: true,
               ?   homepage?: true,
               ?   imdbId?: true,
               ?   originCountry?: true,
               ?   originalLanguage?: true,
               ?   originalTitle?: true,
               ?   overview?: true,
               ?   popularity?: true,
               ?   posterPath?: true,
               ?   releaseDate?: true,
               ?   revenue?: true,
               ?   runtime?: true,
               ?   status?: true,
               ?   tagline?: true,
               ?   title?: true,
               ?   video?: true,
               ?   voteAverage?: true,
               ?   voteCount?: true,
               ?   createdAt?: true,
               ?   updatedAt?: true,
               ?   collectionId?: true,
               ?   collection?: true,
               ?   genres?: true,
               ?   keywords?: true,
               ?   watchProviders?: true,
               ?   productionCompanies?: true,
               ?   productionCountries?: true,
               ?   spokenLanguages?: true,
               ?   castCredits?: true,
               ?   crewCredits?: true,
               ?   releaseDates?: true,
               ?   collectionMovies?: true,
               ?   altTitles?: true,
               ?   contentRatings?: true,
               ?   _count?: true
                 }
               })

Unknown field `lastFetchedAt` for select statement on model `Movie`. Available options are marked with ?.
    at  fetchOnMiss (about://React/Server/D:%5Cdev%5CMovieSeriesTracker%5C.next%5Cdev%5Cserver%5Cchunks%5Cssr%5C%5Broot-of-the-server%5D__0speiax._.js?0:1851:22)
    at  TmdbMoviePage (about://React/Server/D:%5Cdev%5CMovieSeriesTracker%5C.next%5Cdev%5Cserver%5Cchunks%5Cssr%5C%5Broot-of-the-server%5D__0speiax._.js?1:988:20)
    at resolveErrorDev (http://localhost:3000/_next/static/chunks/node_modules_next_dist_compiled_react-server-dom-turbopack_164kp-6._.js:1937:105)
    at processFullStringRow (http://localhost:3000/_next/static/chunks/node_modules_next_dist_compiled_react-server-dom-turbopack_164kp-6._.js:2456:29)
    at processFullBinaryRow (http://localhost:3000/_next/static/chunks/node_modules_next_dist_compiled_react-server-dom-turbopack_164kp-6._.js:2415:9)
    at processBinaryChunk (http://localhost:3000/_next/static/chunks/node_modules_next_dist_compiled_react-server-dom-turbopack_164kp-6._.js:2524:221)
    at progress (http://localhost:3000/_next/static/chunks/node_modules_next_dist_compiled_react-server-dom-turbopack_164kp-6._.js:2711:13) The above error occurred in the <TmdbMoviePage> component. It was handled by the <ErrorBoundaryHandler> error boundary. @ http://localhost:3000/_next/static/chunks/node_modules_next_dist_client_0_90u2t._.js:17462
